// Jest Snapshot v1, https://goo.gl/fbAQLP

exports[`Snapshot <CardList/> Render <CardList/> 1`] = `
<article
  className="small-movie-card catalog__movies-card"
  onClick={[Function]}
  onPointerEnter={[Function]}
  onPointerLeave={[Function]}
>
  <div
    className="small-movie-card__image"
  >
    <video />
  </div>
  <h3
    className="small-movie-card__title"
  >
    <a
      className="small-movie-card__link"
      href="https://upload.wikimedia.org/wikipedia/commons/transcoded/b/b3/Big_Buck_Bunny_Trailer_400p.ogv/Big_Buck_Bunny_Trailer_400p.ogv.360p.webm"
    >
      Fantastic Beasts: The Crimes of Grindelwald
    </a>
  </h3>
</article>
`;
